int anim custominterpolator 0x7f010000
int anim some_animation 0x7f010001
int animator slide_in_bottom 0x7f020000
int array alphabet 0x7f030000
int array array_of_colors 0x7f030001
int array int_array 0x7f030002
int array widths_array 0x7f030003
int attr customFont 0x7f040000
int attr customFont1 0x7f040001
int attr entries 0x7f040002
int attr entryValues 0x7f040003
int bool a_bool 0x7f050000
int color a_color 0x7f060000
int color selector1 0x7f060001
int dimen main_text_item_size 0x7f070000
int drawable ic_menu_preferences 0x7f080000
int font arial 0x7f090000
int id Føø_Bar 0x7f0a0000
int id entry_1 0x7f0a0001
int id entry_1_value 0x7f0a0002
int id maximum number 0x7f0a0003
int id menu_settings 0x7f0a0004
int id regular 0x7f0a0005
int id seekBar 0x7f0a0006
int id seekbar 0x7f0a0007
int id suffix 0x7f0a0008
int id textview_withperiod 0x7f0a0009
int integer an_integer 0x7f0b0000
int layout main 0x7f0c0000
int menu options 0x7f0d0000
int mipmap icon 0x7f0e0000
int plurals num_locations_reported 0x7f0f0000
int raw afoo 0x7f100000
int raw foo 0x7f100001
int string app_name 0x7f110000
int string fixed 0x7f110001
int string foo 0x7f110002
int string hello 0x7f110003
int string menu_settings 0x7f110004
int string translatable_text 0x7f110005
int[] styleable CustomFonts { 0x010100d2, 0x7f040000, 0x7f040000, 0x7f040001 }
int styleable CustomFonts_android_scrollX 0
int styleable CustomFonts_customFont 1
int styleable CustomFonts_customFont 2
int styleable CustomFonts_customFont1 3
int[] styleable MultiSelectListPreference { 0x010100b2, 0x010101f8, 0x7f040002, 0x7f040003 }
int styleable MultiSelectListPreference_android_entries 0
int styleable MultiSelectListPreference_android_entryValues 1
int styleable MultiSelectListPreference_entries 2
int styleable MultiSelectListPreference_entryValues 3
int transition transition 0x7f130000
int xml myxml 0x7f140000
